Archive member included to satisfy reference by file (symbol)

/home/michal/Ac6/SystemWorkbench/plugins/fr.ac6.mcu.externaltools.arm-none.linux64_1.17.0.201812190825/tools/compiler/bin/../lib/gcc/arm-none-eabi/7.3.1/../../../../arm-none-eabi/lib/thumb/v7e-m/fpv4-sp/hard/libc.a(lib_a-exit.o)
                              /home/michal/Ac6/SystemWorkbench/plugins/fr.ac6.mcu.externaltools.arm-none.linux64_1.17.0.201812190825/tools/compiler/bin/../lib/gcc/arm-none-eabi/7.3.1/../../../../arm-none-eabi/lib/thumb/v7e-m/fpv4-sp/hard/crt0.o (exit)
/home/michal/Ac6/SystemWorkbench/plugins/fr.ac6.mcu.externaltools.arm-none.linux64_1.17.0.201812190825/tools/compiler/bin/../lib/gcc/arm-none-eabi/7.3.1/../../../../arm-none-eabi/lib/thumb/v7e-m/fpv4-sp/hard/libc.a(lib_a-impure.o)
                              /home/michal/Ac6/SystemWorkbench/plugins/fr.ac6.mcu.externaltools.arm-none.linux64_1.17.0.201812190825/tools/compiler/bin/../lib/gcc/arm-none-eabi/7.3.1/../../../../arm-none-eabi/lib/thumb/v7e-m/fpv4-sp/hard/libc.a(lib_a-exit.o) (_global_impure_ptr)
/home/michal/Ac6/SystemWorkbench/plugins/fr.ac6.mcu.externaltools.arm-none.linux64_1.17.0.201812190825/tools/compiler/bin/../lib/gcc/arm-none-eabi/7.3.1/../../../../arm-none-eabi/lib/thumb/v7e-m/fpv4-sp/hard/libc.a(lib_a-init.o)
                              /home/michal/Ac6/SystemWorkbench/plugins/fr.ac6.mcu.externaltools.arm-none.linux64_1.17.0.201812190825/tools/compiler/bin/../lib/gcc/arm-none-eabi/7.3.1/../../../../arm-none-eabi/lib/thumb/v7e-m/fpv4-sp/hard/crt0.o (__libc_init_array)
/home/michal/Ac6/SystemWorkbench/plugins/fr.ac6.mcu.externaltools.arm-none.linux64_1.17.0.201812190825/tools/compiler/bin/../lib/gcc/arm-none-eabi/7.3.1/../../../../arm-none-eabi/lib/thumb/v7e-m/fpv4-sp/hard/libc.a(lib_a-memcpy.o)
                              FreeRTOS/Source/queue.o (memcpy)
/home/michal/Ac6/SystemWorkbench/plugins/fr.ac6.mcu.externaltools.arm-none.linux64_1.17.0.201812190825/tools/compiler/bin/../lib/gcc/arm-none-eabi/7.3.1/../../../../arm-none-eabi/lib/thumb/v7e-m/fpv4-sp/hard/libc.a(lib_a-memset.o)
                              /home/michal/Ac6/SystemWorkbench/plugins/fr.ac6.mcu.externaltools.arm-none.linux64_1.17.0.201812190825/tools/compiler/bin/../lib/gcc/arm-none-eabi/7.3.1/../../../../arm-none-eabi/lib/thumb/v7e-m/fpv4-sp/hard/crt0.o (memset)
/home/michal/Ac6/SystemWorkbench/plugins/fr.ac6.mcu.externaltools.arm-none.linux64_1.17.0.201812190825/tools/compiler/bin/../lib/gcc/arm-none-eabi/7.3.1/../../../../arm-none-eabi/lib/thumb/v7e-m/fpv4-sp/hard/libc.a(lib_a-__call_atexit.o)
                              /home/michal/Ac6/SystemWorkbench/plugins/fr.ac6.mcu.externaltools.arm-none.linux64_1.17.0.201812190825/tools/compiler/bin/../lib/gcc/arm-none-eabi/7.3.1/../../../../arm-none-eabi/lib/thumb/v7e-m/fpv4-sp/hard/libc.a(lib_a-exit.o) (__call_exitprocs)
/home/michal/Ac6/SystemWorkbench/plugins/fr.ac6.mcu.externaltools.arm-none.linux64_1.17.0.201812190825/tools/compiler/bin/../lib/gcc/arm-none-eabi/7.3.1/../../../../arm-none-eabi/lib/thumb/v7e-m/fpv4-sp/hard/libc.a(lib_a-atexit.o)
                              /home/michal/Ac6/SystemWorkbench/plugins/fr.ac6.mcu.externaltools.arm-none.linux64_1.17.0.201812190825/tools/compiler/bin/../lib/gcc/arm-none-eabi/7.3.1/../../../../arm-none-eabi/lib/thumb/v7e-m/fpv4-sp/hard/libc.a(lib_a-__call_atexit.o) (atexit)
/home/michal/Ac6/SystemWorkbench/plugins/fr.ac6.mcu.externaltools.arm-none.linux64_1.17.0.201812190825/tools/compiler/bin/../lib/gcc/arm-none-eabi/7.3.1/../../../../arm-none-eabi/lib/thumb/v7e-m/fpv4-sp/hard/libc.a(lib_a-fini.o)
                              /home/michal/Ac6/SystemWorkbench/plugins/fr.ac6.mcu.externaltools.arm-none.linux64_1.17.0.201812190825/tools/compiler/bin/../lib/gcc/arm-none-eabi/7.3.1/../../../../arm-none-eabi/lib/thumb/v7e-m/fpv4-sp/hard/libc.a(lib_a-__call_atexit.o) (__libc_fini_array)
/home/michal/Ac6/SystemWorkbench/plugins/fr.ac6.mcu.externaltools.arm-none.linux64_1.17.0.201812190825/tools/compiler/bin/../lib/gcc/arm-none-eabi/7.3.1/../../../../arm-none-eabi/lib/thumb/v7e-m/fpv4-sp/hard/libc.a(lib_a-lock.o)
                              /home/michal/Ac6/SystemWorkbench/plugins/fr.ac6.mcu.externaltools.arm-none.linux64_1.17.0.201812190825/tools/compiler/bin/../lib/gcc/arm-none-eabi/7.3.1/../../../../arm-none-eabi/lib/thumb/v7e-m/fpv4-sp/hard/libc.a(lib_a-__call_atexit.o) (__retarget_lock_acquire_recursive)
/home/michal/Ac6/SystemWorkbench/plugins/fr.ac6.mcu.externaltools.arm-none.linux64_1.17.0.201812190825/tools/compiler/bin/../lib/gcc/arm-none-eabi/7.3.1/../../../../arm-none-eabi/lib/thumb/v7e-m/fpv4-sp/hard/libc.a(lib_a-__atexit.o)
                              /home/michal/Ac6/SystemWorkbench/plugins/fr.ac6.mcu.externaltools.arm-none.linux64_1.17.0.201812190825/tools/compiler/bin/../lib/gcc/arm-none-eabi/7.3.1/../../../../arm-none-eabi/lib/thumb/v7e-m/fpv4-sp/hard/libc.a(lib_a-atexit.o) (__register_exitproc)

Allocating common symbols
Common symbol       size              file

[...]
Memory Configuration

Name             Origin             Length             Attributes
RAM              0x0000000020000000 0x0000000000020000 xrw
ROM              0x0000000008000000 0x0000000000100000 xr
*default*        0x0000000000000000 0xffffffffffffffff

Linker script and memory map

LOAD /home/michal/Ac6/SystemWorkbench/plugins/fr.ac6.mcu.externaltools.arm-none.linux64_1.17.0.201812190825/tools/compiler/bin/../lib/gcc/arm-none-eabi/7.3.1/thumb/v7e-m/fpv4-sp/hard/crti.o
LOAD /home/michal/Ac6/SystemWorkbench/plugins/fr.ac6.mcu.externaltools.arm-none.linux64_1.17.0.201812190825/tools/compiler/bin/../lib/gcc/arm-none-eabi/7.3.1/thumb/v7e-m/fpv4-sp/hard/crtbegin.o
LOAD /home/michal/Ac6/SystemWorkbench/plugins/fr.ac6.mcu.externaltools.arm-none.linux64_1.17.0.201812190825/tools/compiler/bin/../lib/gcc/arm-none-eabi/7.3.1/../../../../arm-none-eabi/lib/thumb/v7e-m/fpv4-sp/hard/crt0.o
LOAD FreeRTOS/Source/croutine.o
LOAD FreeRTOS/Source/event_groups.o
LOAD FreeRTOS/Source/list.o
LOAD FreeRTOS/Source/queue.o
LOAD FreeRTOS/Source/stream_buffer.o
LOAD FreeRTOS/Source/tasks.o
LOAD FreeRTOS/Source/timers.o
LOAD FreeRTOS/Source/portable/GCC/ARM_CM4F/port.o
LOAD FreeRTOS/Source/portable/MemMang/heap_4.o
LOAD src/FreeRTOS.o
LOAD src/gpio.o
LOAD src/interrupts.o
LOAD src/main.o
LOAD startup/startup_stm32.o
LOAD /home/michal/Ac6/SystemWorkbench/plugins/fr.ac6.mcu.externaltools.arm-none.linux64_1.17.0.201812190825/tools/compiler/bin/../lib/gcc/arm-none-eabi/7.3.1/../../../../arm-none-eabi/lib/thumb/v7e-m/fpv4-sp/hard/libstdc++.a
LOAD /home/michal/Ac6/SystemWorkbench/plugins/fr.ac6.mcu.externaltools.arm-none.linux64_1.17.0.201812190825/tools/compiler/bin/../lib/gcc/arm-none-eabi/7.3.1/../../../../arm-none-eabi/lib/thumb/v7e-m/fpv4-sp/hard/libm.a
START GROUP
LOAD /home/michal/Ac6/SystemWorkbench/plugins/fr.ac6.mcu.externaltools.arm-none.linux64_1.17.0.201812190825/tools/compiler/bin/../lib/gcc/arm-none-eabi/7.3.1/thumb/v7e-m/fpv4-sp/hard/libgcc.a
LOAD /home/michal/Ac6/SystemWorkbench/plugins/fr.ac6.mcu.externaltools.arm-none.linux64_1.17.0.201812190825/tools/compiler/bin/../lib/gcc/arm-none-eabi/7.3.1/../../../../arm-none-eabi/lib/thumb/v7e-m/fpv4-sp/hard/libc.a
END GROUP
LOAD /home/michal/Ac6/SystemWorkbench/plugins/fr.ac6.mcu.externaltools.arm-none.linux64_1.17.0.201812190825/tools/compiler/bin/../lib/gcc/arm-none-eabi/7.3.1/thumb/v7e-m/fpv4-sp/hard/crtend.o
LOAD /home/michal/Ac6/SystemWorkbench/plugins/fr.ac6.mcu.externaltools.arm-none.linux64_1.17.0.201812190825/tools/compiler/bin/../lib/gcc/arm-none-eabi/7.3.1/thumb/v7e-m/fpv4-sp/hard/crtn.o
                0x0000000020020000                _estack = 0x20020000
                0x0000000000000000                _Min_Heap_Size = 0x0
                0x0000000000000400                _Min_Stack_Size = 0x400

.isr_vector     0x0000000008000000      0x1a8
                0x0000000008000000                . = ALIGN (0x4)
 *(.isr_vector)
 .isr_vector    0x0000000008000000      0x1a8 startup/startup_stm32.o
                0x0000000008000000                g_pfnVectors
                0x00000000080001a8                . = ALIGN (0x4)

.text           0x00000000080001b0     0x333c
                0x00000000080001b0                . = ALIGN (0x4)
 *(.text)
 .text          0x00000000080001b0       0x40 /home/michal/Ac6/SystemWorkbench/plugins/fr.ac6.mcu.externaltools.arm-none.linux64_1.17.0.201812190825/tools/compiler/bin/../lib/gcc/arm-none-eabi/7.3.1/thumb/v7e-m/fpv4-sp/hard/crtbegin.o
 .text          0x00000000080001f0      0x134 /home/michal/Ac6/SystemWorkbench/plugins/fr.ac6.mcu.externaltools.arm-none.linux64_1.17.0.201812190825/tools/compiler/bin/../lib/gcc/arm-none-eabi/7.3.1/../../../../arm-none-eabi/lib/thumb/v7e-m/fpv4-sp/hard/libc.a(lib_a-memcpy.o)
                0x00000000080001f0                memcpy
 *(.text*)
 .text.vListInitialise
                0x0000000008000324       0x40 FreeRTOS/Source/list.o
                0x0000000008000324                vListInitialise
 .text.vListInitialiseItem
                0x0000000008000364       0x1a FreeRTOS/Source/list.o
                0x0000000008000364                vListInitialiseItem
 .text.vListInsertEnd
                0x000000000800037e       0x48 FreeRTOS/Source/list.o
                0x000000000800037e                vListInsertEnd
 .text.vListInsert
                0x00000000080003c6       0x72 FreeRTOS/Source/list.o
                0x00000000080003c6                vListInsert
 .text.uxListRemove
                0x0000000008000438       0x54 FreeRTOS/Source/list.o
                0x0000000008000438                uxListRemove
 .text.xQueueGenericReset
                0x000000000800048c       0xd0 FreeRTOS/Source/queue.o
                0x000000000800048c                xQueueGenericReset
 .text.xQueueGenericCreate
                0x000000000800055c       0x76 FreeRTOS/Source/queue.o
                0x000000000800055c                xQueueGenericCreate
 .text.prvInitialiseNewQueue
                0x00000000080005d2       0x46 FreeRTOS/Source/queue.o
 .text.xQueueGenericSend
                0x0000000008000618      0x1f4 FreeRTOS/Source/queue.o
                0x0000000008000618                xQueueGenericSend
 .text.xQueueGenericSendFromISR
                0x000000000800080c      0x128 FreeRTOS/Source/queue.o
                0x000000000800080c                xQueueGenericSendFromISR
 .text.xQueueGiveFromISR
                0x0000000008000934      0x112 FreeRTOS/Source/queue.o
                0x0000000008000934                xQueueGiveFromISR
 *fill*         0x0000000008000a46        0x2 
 .text.xQueueReceive
                0x0000000008000a48      0x1b8 FreeRTOS/Source/queue.o
                0x0000000008000a48                xQueueReceive
 .text.xQueueSemaphoreTake
                0x0000000008000c00      0x210 FreeRTOS/Source/queue.o
                0x0000000008000c00                xQueueSemaphoreTake
 .text.prvGetDisinheritPriorityAfterTimeout
                0x0000000008000e10       0x30 FreeRTOS/Source/queue.o
 .text.prvCopyDataToQueue
                0x0000000008000e40       0xd4 FreeRTOS/Source/queue.o
 .text.prvCopyDataFromQueue
                0x0000000008000f14       0x4c FreeRTOS/Source/queue.o
 .text.prvUnlockQueue
                0x0000000008000f60       0xa4 FreeRTOS/Source/queue.o
 .text.prvIsQueueEmpty
                0x0000000008001004       0x2c FreeRTOS/Source/queue.o
 .text.prvIsQueueFull
                0x0000000008001030       0x30 FreeRTOS/Source/queue.o
 .text.vQueueAddToRegistry
                0x0000000008001060       0x50 FreeRTOS/Source/queue.o
                0x0000000008001060                vQueueAddToRegistry
 .text.vQueueWaitForMessageRestricted
                0x00000000080010b0       0x68 FreeRTOS/Source/queue.o
                0x00000000080010b0                vQueueWaitForMessageRestricted
 .text.xTaskCreate
                0x0000000008001118       0x82 FreeRTOS/Source/tasks.o
                0x0000000008001118                xTaskCreate
 .text.prvInitialiseNewTask
                0x000000000800119a      0x11c FreeRTOS/Source/tasks.o
 *fill*         0x00000000080012b6        0x2 
 .text.prvAddNewTaskToReadyList
                0x00000000080012b8       0xdc FreeRTOS/Source/tasks.o
 .text.vTaskStartScheduler
                0x0000000008001394       0x98 FreeRTOS/Source/tasks.o
                0x0000000008001394                vTaskStartScheduler
 .text.vTaskSuspendAll
                0x000000000800142c       0x1c FreeRTOS/Source/tasks.o
                0x000000000800142c                vTaskSuspendAll
 .text.xTaskResumeAll
                0x0000000008001448      0x138 FreeRTOS/Source/tasks.o
                0x0000000008001448                xTaskResumeAll
 .text.xTaskGetTickCount
                0x0000000008001580       0x20 FreeRTOS/Source/tasks.o
                0x0000000008001580                xTaskGetTickCount
 .text.xTaskIncrementTick
                0x00000000080015a0      0x170 FreeRTOS/Source/tasks.o
                0x00000000080015a0                xTaskIncrementTick
 .text.vTaskSwitchContext
                0x0000000008001710       0xb4 FreeRTOS/Source/tasks.o
                0x0000000008001710                vTaskSwitchContext
 .text.vTaskPlaceOnEventList
                0x00000000080017c4       0x48 FreeRTOS/Source/tasks.o
                0x00000000080017c4                vTaskPlaceOnEventList
 .text.vTaskPlaceOnEventListRestricted
                0x000000000800180c       0x54 FreeRTOS/Source/tasks.o
                0x000000000800180c                vTaskPlaceOnEventListRestricted
 .text.xTaskRemoveFromEventList
                0x0000000008001860       0xc4 FreeRTOS/Source/tasks.o
                0x0000000008001860                xTaskRemoveFromEventList
 .text.vTaskInternalSetTimeOutState
                0x0000000008001924       0x2c FreeRTOS/Source/tasks.o
                0x0000000008001924                vTaskInternalSetTimeOutState
 .text.xTaskCheckForTimeOut
                0x0000000008001950       0xc0 FreeRTOS/Source/tasks.o
                0x0000000008001950                xTaskCheckForTimeOut
 .text.vTaskMissedYield
                0x0000000008001a10       0x18 FreeRTOS/Source/tasks.o
                0x0000000008001a10                vTaskMissedYield
 .text.prvIdleTask
                0x0000000008001a28       0x34 FreeRTOS/Source/tasks.o
 .text.prvInitialiseTaskLists
                0x0000000008001a5c       0x80 FreeRTOS/Source/tasks.o
 .text.prvCheckTasksWaitingTermination
                0x0000000008001adc       0x58 FreeRTOS/Source/tasks.o
 .text.prvDeleteTCB
                0x0000000008001b34       0x20 FreeRTOS/Source/tasks.o
 .text.prvResetNextTaskUnblockTime
                0x0000000008001b54       0x40 FreeRTOS/Source/tasks.o
 .text.xTaskGetSchedulerState
                0x0000000008001b94       0x3c FreeRTOS/Source/tasks.o
                0x0000000008001b94                xTaskGetSchedulerState
 .text.xTaskPriorityInherit
                0x0000000008001bd0      0x100 FreeRTOS/Source/tasks.o
                0x0000000008001bd0                xTaskPriorityInherit
 .text.xTaskPriorityDisinherit
                0x0000000008001cd0      0x108 FreeRTOS/Source/tasks.o
                0x0000000008001cd0                xTaskPriorityDisinherit
 .text.vTaskPriorityDisinheritAfterTimeout
                0x0000000008001dd8      0x130 FreeRTOS/Source/tasks.o
                0x0000000008001dd8                vTaskPriorityDisinheritAfterTimeout
 .text.pvTaskIncrementMutexHeldCount
                0x0000000008001f08       0x28 FreeRTOS/Source/tasks.o
                0x0000000008001f08                pvTaskIncrementMutexHeldCount
 .text.prvAddCurrentTaskToDelayedList
                0x0000000008001f30       0xcc FreeRTOS/Source/tasks.o
 .text.xTimerCreateTimerTask
                0x0000000008001ffc       0x64 FreeRTOS/Source/timers.o
                0x0000000008001ffc                xTimerCreateTimerTask
 .text.xTimerGenericCommand
                0x0000000008002060       0x98 FreeRTOS/Source/timers.o
                0x0000000008002060                xTimerGenericCommand
 .text.prvProcessExpiredTimer
                0x00000000080020f8       0x98 FreeRTOS/Source/timers.o
 .text.prvTimerTask
                0x0000000008002190       0x24 FreeRTOS/Source/timers.o
 .text.prvProcessTimerOrBlockTask
                0x00000000080021b4       0x9c FreeRTOS/Source/timers.o
 .text.prvGetNextExpireTime
                0x0000000008002250       0x48 FreeRTOS/Source/timers.o
 .text.prvSampleTimeNow
                0x0000000008002298       0x40 FreeRTOS/Source/timers.o
 .text.prvInsertTimerInActiveList
                0x00000000080022d8       0x84 FreeRTOS/Source/timers.o
 .text.prvProcessReceivedCommands
                0x000000000800235c      0x188 FreeRTOS/Source/timers.o
 .text.prvSwitchTimerLists
                0x00000000080024e4       0xc8 FreeRTOS/Source/timers.o
 .text.prvCheckForValidListAndQueue
                0x00000000080025ac       0x6c FreeRTOS/Source/timers.o
 .text.pxPortInitialiseStack
                0x0000000008002618       0x68 FreeRTOS/Source/portable/GCC/ARM_CM4F/port.o
                0x0000000008002618                pxPortInitialiseStack
 .text.prvTaskExitError
                0x0000000008002680       0x54 FreeRTOS/Source/portable/GCC/ARM_CM4F/port.o
 *fill*         0x00000000080026d4        0xc 
 .text.SVC_Handler
                0x00000000080026e0       0x28 FreeRTOS/Source/portable/GCC/ARM_CM4F/port.o
                0x00000000080026e0                SVC_Handler
 .text.prvPortStartFirstTask
                0x0000000008002708       0x28 FreeRTOS/Source/portable/GCC/ARM_CM4F/port.o
 .text.xPortStartScheduler
                0x0000000008002730      0x13c FreeRTOS/Source/portable/GCC/ARM_CM4F/port.o
                0x0000000008002730                xPortStartScheduler
 .text.vPortEnterCritical
                0x000000000800286c       0x5c FreeRTOS/Source/portable/GCC/ARM_CM4F/port.o
                0x000000000800286c                vPortEnterCritical
 .text.vPortExitCritical
                0x00000000080028c8       0x50 FreeRTOS/Source/portable/GCC/ARM_CM4F/port.o
                0x00000000080028c8                vPortExitCritical
 *fill*         0x0000000008002918        0x8 
 .text.PendSV_Handler
                0x0000000008002920       0x68 FreeRTOS/Source/portable/GCC/ARM_CM4F/port.o
                0x0000000008002920                PendSV_Handler
 .text.SysTick_Handler
                0x0000000008002988       0x40 FreeRTOS/Source/portable/GCC/ARM_CM4F/port.o
                0x0000000008002988                SysTick_Handler
 .text.vPortSetupTimerInterrupt
                0x00000000080029c8       0x34 FreeRTOS/Source/portable/GCC/ARM_CM4F/port.o
                0x00000000080029c8                vPortSetupTimerInterrupt
 .text.vPortEnableVFP
                0x00000000080029fc       0x14 FreeRTOS/Source/portable/GCC/ARM_CM4F/port.o
 .text.vPortValidateInterruptPriority
                0x0000000008002a10       0x7c FreeRTOS/Source/portable/GCC/ARM_CM4F/port.o
                0x0000000008002a10                vPortValidateInterruptPriority
 .text.pvPortMalloc
                0x0000000008002a8c      0x184 FreeRTOS/Source/portable/MemMang/heap_4.o
                0x0000000008002a8c                pvPortMalloc
 .text.vPortFree
                0x0000000008002c10       0xb0 FreeRTOS/Source/portable/MemMang/heap_4.o
                0x0000000008002c10                vPortFree
 .text.prvHeapInit
                0x0000000008002cc0       0xc4 FreeRTOS/Source/portable/MemMang/heap_4.o
 .text.prvInsertBlockIntoFreeList
                0x0000000008002d84       0xb4 FreeRTOS/Source/portable/MemMang/heap_4.o
 .text.vApplicationIdleHook
                0x0000000008002e38        0xe src/FreeRTOS.o
                0x0000000008002e38                vApplicationIdleHook
 .text.gpio_pin_cfg
                0x0000000008002e46      0x122 src/gpio.o
                0x0000000008002e46                gpio_pin_cfg
 .text.EXTI0_IRQHandler
                0x0000000008002f68       0x54 src/interrupts.o
                0x0000000008002f68                EXTI0_IRQHandler
 .text.NVIC_SetPriorityGrouping
                0x0000000008002fbc       0x48 src/main.o
 .text.NVIC_EnableIRQ
                0x0000000008003004       0x34 src/main.o
 .text.NVIC_SetPriority
                0x0000000008003038       0x54 src/main.o
 .text.NVIC_GetPriority
                0x000000000800308c       0x50 src/main.o
 .text.NVIC_EncodePriority
                0x00000000080030dc       0x66 src/main.o
 *fill*         0x0000000008003142        0x2 
 .text.main     0x0000000008003144       0x50 src/main.o
                0x0000000008003144                main
 .text.prvSetupHardware
                0x0000000008003194       0x10 src/main.o
 .text.hGPIOInit
                0x00000000080031a4       0x48 src/main.o
                0x00000000080031a4                hGPIOInit
 .text.hInterruptInit
                0x00000000080031ec       0x68 src/main.o
                0x00000000080031ec                hInterruptInit
 .text.vButtonTask
                0x0000000008003254       0x34 src/main.o
                0x0000000008003254                vButtonTask
 .text.Reset_Handler
                0x0000000008003288       0x50 startup/startup_stm32.o
                0x0000000008003288                Reset_Handler
 .text.Default_Handler
                0x00000000080032d8        0x2 startup/startup_stm32.o
                0x00000000080032d8                RTC_Alarm_IRQHandler
                0x00000000080032d8                HASH_RNG_IRQHandler
                0x00000000080032d8                EXTI2_IRQHandler
                0x00000000080032d8                TIM8_CC_IRQHandler
                0x00000000080032d8                DebugMon_Handler
                0x00000000080032d8                TIM1_CC_IRQHandler
                0x00000000080032d8                DMA2_Stream5_IRQHandler
                0x00000000080032d8                HardFault_Handler
                0x00000000080032d8                DMA1_Stream5_IRQHandler
                0x00000000080032d8                PVD_IRQHandler
                0x00000000080032d8                SDIO_IRQHandler
                0x00000000080032d8                TAMP_STAMP_IRQHandler
                0x00000000080032d8                NMI_Handler
                0x00000000080032d8                CAN2_RX1_IRQHandler
                0x00000000080032d8                EXTI3_IRQHandler
                0x00000000080032d8                TIM8_TRG_COM_TIM14_IRQHandler
                0x00000000080032d8                TIM1_UP_TIM10_IRQHandler
                0x00000000080032d8                TIM8_UP_TIM13_IRQHandler
                0x00000000080032d8                I2C3_ER_IRQHandler
                0x00000000080032d8                LCD_TFT_IRQHandler
                0x00000000080032d8                I2C2_EV_IRQHandler
                0x00000000080032d8                DMA1_Stream2_IRQHandler
                0x00000000080032d8                CAN1_RX0_IRQHandler
                0x00000000080032d8                FPU_IRQHandler
                0x00000000080032d8                OTG_HS_WKUP_IRQHandler
                0x00000000080032d8                UsageFault_Handler
                0x00000000080032d8                CAN2_SCE_IRQHandler
                0x00000000080032d8                DMA2_Stream2_IRQHandler
                0x00000000080032d8                SPI1_IRQHandler
                0x00000000080032d8                TIM6_DAC_IRQHandler
                0x00000000080032d8                TIM1_BRK_TIM9_IRQHandler
                0x00000000080032d8                DCMI_IRQHandler
                0x00000000080032d8                CAN2_RX0_IRQHandler
                0x00000000080032d8                DMA2_Stream3_IRQHandler
                0x00000000080032d8                USART6_IRQHandler
                0x00000000080032d8                USART3_IRQHandler
                0x00000000080032d8                CRYP_IRQHandler
                0x00000000080032d8                CAN1_RX1_IRQHandler
                0x00000000080032d8                UART5_IRQHandler
                0x00000000080032d8                DMA2_Stream0_IRQHandler
                0x00000000080032d8                TIM4_IRQHandler
                0x00000000080032d8                I2C1_EV_IRQHandler
                0x00000000080032d8                DMA1_Stream6_IRQHandler
                0x00000000080032d8                DMA1_Stream1_IRQHandler
                0x00000000080032d8                UART4_IRQHandler
                0x00000000080032d8                LCD_TFT_1_IRQHandler
                0x00000000080032d8                TIM3_IRQHandler
                0x00000000080032d8                RCC_IRQHandler
                0x00000000080032d8                TIM8_BRK_TIM12_IRQHandler
                0x00000000080032d8                Default_Handler
                0x00000000080032d8                EXTI15_10_IRQHandler
                0x00000000080032d8                ADC_IRQHandler
                0x00000000080032d8                DMA1_Stream7_IRQHandler
                0x00000000080032d8                TIM7_IRQHandler
                0x00000000080032d8                CAN2_TX_IRQHandler
                0x00000000080032d8                TIM5_IRQHandler
                0x00000000080032d8                DMA2_Stream7_IRQHandler
                0x00000000080032d8                I2C3_EV_IRQHandler
                0x00000000080032d8                EXTI9_5_IRQHandler
                0x00000000080032d8                RTC_WKUP_IRQHandler
                0x00000000080032d8                ETH_WKUP_IRQHandler
                0x00000000080032d8                SPI2_IRQHandler
                0x00000000080032d8                OTG_HS_EP1_IN_IRQHandler
                0x00000000080032d8                MemManage_Handler
                0x00000000080032d8                DMA1_Stream0_IRQHandler
                0x00000000080032d8                CAN1_TX_IRQHandler
                0x00000000080032d8                EXTI4_IRQHandler
                0x00000000080032d8                FSMC_IRQHandler
                0x00000000080032d8                ETH_IRQHandler
                0x00000000080032d8                OTG_HS_EP1_OUT_IRQHandler
                0x00000000080032d8                WWDG_IRQHandler
                0x00000000080032d8                TIM2_IRQHandler
                0x00000000080032d8                OTG_FS_WKUP_IRQHandler
                0x00000000080032d8                TIM1_TRG_COM_TIM11_IRQHandler
                0x00000000080032d8                OTG_HS_IRQHandler
                0x00000000080032d8                EXTI1_IRQHandler
                0x00000000080032d8                USART2_IRQHandler
                0x00000000080032d8                I2C2_ER_IRQHandler
                0x00000000080032d8                DMA2_Stream1_IRQHandler
                0x00000000080032d8                CAN1_SCE_IRQHandler
                0x00000000080032d8                DMA2_Stream4_IRQHandler
                0x00000000080032d8                BusFault_Handler
                0x00000000080032d8                USART1_IRQHandler
                0x00000000080032d8                OTG_FS_IRQHandler
                0x00000000080032d8                SPI3_IRQHandler
                0x00000000080032d8                DMA1_Stream4_IRQHandler
                0x00000000080032d8                I2C1_ER_IRQHandler
                0x00000000080032d8                DMA2_Stream6_IRQHandler
                0x00000000080032d8                DMA1_Stream3_IRQHandler
 *fill*         0x00000000080032da        0x2 
 .text.__libc_init_array
                0x00000000080032dc       0x48 /home/michal/Ac6/SystemWorkbench/plugins/fr.ac6.mcu.externaltools.arm-none.linux64_1.17.0.201812190825/tools/compiler/bin/../lib/gcc/arm-none-eabi/7.3.1/../../../../arm-none-eabi/lib/thumb/v7e-m/fpv4-sp/hard/libc.a(lib_a-init.o)
                0x00000000080032dc                __libc_init_array
 .text.memset   0x0000000008003324       0x94 /home/michal/Ac6/SystemWorkbench/plugins/fr.ac6.mcu.externaltools.arm-none.linux64_1.17.0.201812190825/tools/compiler/bin/../lib/gcc/arm-none-eabi/7.3.1/../../../../arm-none-eabi/lib/thumb/v7e-m/fpv4-sp/hard/libc.a(lib_a-memset.o)
                0x0000000008003324                memset
 .text.startup.register_fini
                0x00000000080033b8       0x14 /home/michal/Ac6/SystemWorkbench/plugins/fr.ac6.mcu.externaltools.arm-none.linux64_1.17.0.201812190825/tools/compiler/bin/../lib/gcc/arm-none-eabi/7.3.1/../../../../arm-none-eabi/lib/thumb/v7e-m/fpv4-sp/hard/libc.a(lib_a-__call_atexit.o)
 .text.atexit   0x00000000080033cc        0xc /home/michal/Ac6/SystemWorkbench/plugins/fr.ac6.mcu.externaltools.arm-none.linux64_1.17.0.201812190825/tools/compiler/bin/../lib/gcc/arm-none-eabi/7.3.1/../../../../arm-none-eabi/lib/thumb/v7e-m/fpv4-sp/hard/libc.a(lib_a-atexit.o)
                0x00000000080033cc                atexit
 .text.__libc_fini_array
                0x00000000080033d8       0x34 /home/michal/Ac6/SystemWorkbench/plugins/fr.ac6.mcu.externaltools.arm-none.linux64_1.17.0.201812190825/tools/compiler/bin/../lib/gcc/arm-none-eabi/7.3.1/../../../../arm-none-eabi/lib/thumb/v7e-m/fpv4-sp/hard/libc.a(lib_a-fini.o)
                0x00000000080033d8                __libc_fini_array
 .text.__retarget_lock_acquire_recursive
                0x000000000800340c        0x4 /home/michal/Ac6/SystemWorkbench/plugins/fr.ac6.mcu.externaltools.arm-none.linux64_1.17.0.201812190825/tools/compiler/bin/../lib/gcc/arm-none-eabi/7.3.1/../../../../arm-none-eabi/lib/thumb/v7e-m/fpv4-sp/hard/libc.a(lib_a-lock.o)
                0x000000000800340c                __retarget_lock_acquire_recursive
 .text.__retarget_lock_release_recursive
                0x0000000008003410        0x4 /home/michal/Ac6/SystemWorkbench/plugins/fr.ac6.mcu.externaltools.arm-none.linux64_1.17.0.201812190825/tools/compiler/bin/../lib/gcc/arm-none-eabi/7.3.1/../../../../arm-none-eabi/lib/thumb/v7e-m/fpv4-sp/hard/libc.a(lib_a-lock.o)
                0x0000000008003410                __retarget_lock_release_recursive
 .text.__register_exitproc
                0x0000000008003414       0xc0 /home/michal/Ac6/SystemWorkbench/plugins/fr.ac6.mcu.externaltools.arm-none.linux64_1.17.0.201812190825/tools/compiler/bin/../lib/gcc/arm-none-eabi/7.3.1/../../../../arm-none-eabi/lib/thumb/v7e-m/fpv4-sp/hard/libc.a(lib_a-__atexit.o)
                0x0000000008003414                __register_exitproc
 *(.glue_7)
 .glue_7        0x00000000080034d4        0x0 linker stubs
 *(.glue_7t)
 .glue_7t       0x00000000080034d4        0x0 linker stubs
 *(.eh_frame)
 .eh_frame      0x00000000080034d4        0x0 /home/michal/Ac6/SystemWorkbench/plugins/fr.ac6.mcu.externaltools.arm-none.linux64_1.17.0.201812190825/tools/compiler/bin/../lib/gcc/arm-none-eabi/7.3.1/thumb/v7e-m/fpv4-sp/hard/crtbegin.o
 *(.init)
 .init          0x00000000080034d4        0x4 /home/michal/Ac6/SystemWorkbench/plugins/fr.ac6.mcu.externaltools.arm-none.linux64_1.17.0.201812190825/tools/compiler/bin/../lib/gcc/arm-none-eabi/7.3.1/thumb/v7e-m/fpv4-sp/hard/crti.o
                0x00000000080034d4                _init
 .init          0x00000000080034d8        0x8 /home/michal/Ac6/SystemWorkbench/plugins/fr.ac6.mcu.externaltools.arm-none.linux64_1.17.0.201812190825/tools/compiler/bin/../lib/gcc/arm-none-eabi/7.3.1/thumb/v7e-m/fpv4-sp/hard/crtn.o
 *(.fini)
 .fini          0x00000000080034e0        0x4 /home/michal/Ac6/SystemWorkbench/plugins/fr.ac6.mcu.externaltools.arm-none.linux64_1.17.0.201812190825/tools/compiler/bin/../lib/gcc/arm-none-eabi/7.3.1/thumb/v7e-m/fpv4-sp/hard/crti.o
                0x00000000080034e0                _fini
 .fini          0x00000000080034e4        0x8 /home/michal/Ac6/SystemWorkbench/plugins/fr.ac6.mcu.externaltools.arm-none.linux64_1.17.0.201812190825/tools/compiler/bin/../lib/gcc/arm-none-eabi/7.3.1/thumb/v7e-m/fpv4-sp/hard/crtn.o
                0x00000000080034ec                . = ALIGN (0x4)
                0x00000000080034ec                _etext = .

.vfp11_veneer   0x00000000080034ec        0x0
 .vfp11_veneer  0x00000000080034ec        0x0 linker stubs

.v4_bx          0x00000000080034ec        0x0
 .v4_bx         0x00000000080034ec        0x0 linker stubs

.iplt           0x00000000080034ec        0x0
 .iplt          0x00000000080034ec        0x0 /home/michal/Ac6/SystemWorkbench/plugins/fr.ac6.mcu.externaltools.arm-none.linux64_1.17.0.201812190825/tools/compiler/bin/../lib/gcc/arm-none-eabi/7.3.1/thumb/v7e-m/fpv4-sp/hard/crtbegin.o

.rodata         0x00000000080034ec       0x28
                0x00000000080034ec                . = ALIGN (0x4)
 *(.rodata)
 .rodata        0x00000000080034ec        0x5 FreeRTOS/Source/tasks.o
 *fill*         0x00000000080034f1        0x3 
 .rodata        0x00000000080034f4        0xd FreeRTOS/Source/timers.o
 *fill*         0x0000000008003501        0x3 
 .rodata        0x0000000008003504        0xb src/main.o
 *(.rodata*)
 *fill*         0x000000000800350f        0x1 
 .rodata._global_impure_ptr
                0x0000000008003510        0x4 /home/michal/Ac6/SystemWorkbench/plugins/fr.ac6.mcu.externaltools.arm-none.linux64_1.17.0.201812190825/tools/compiler/bin/../lib/gcc/arm-none-eabi/7.3.1/../../../../arm-none-eabi/lib/thumb/v7e-m/fpv4-sp/hard/libc.a(lib_a-impure.o)
                0x0000000008003510                _global_impure_ptr
                0x0000000008003514                . = ALIGN (0x4)

.rel.dyn        0x0000000008003514        0x0
 .rel.iplt      0x0000000008003514        0x0 /home/michal/Ac6/SystemWorkbench/plugins/fr.ac6.mcu.externaltools.arm-none.linux64_1.17.0.201812190825/tools/compiler/bin/../lib/gcc/arm-none-eabi/7.3.1/thumb/v7e-m/fpv4-sp/hard/crtbegin.o

.ARM.extab      0x0000000008003514        0x0
                0x0000000008003514                . = ALIGN (0x4)
 *(.ARM.extab* .gnu.linkonce.armextab.*)
                0x0000000008003514                . = ALIGN (0x4)

.ARM            0x0000000008003514        0x0
                0x0000000008003514                . = ALIGN (0x4)
                0x0000000008003514                __exidx_start = .
 *(.ARM.exidx*)
                0x0000000008003514                __exidx_end = .
                0x0000000008003514                . = ALIGN (0x4)

.preinit_array  0x0000000008003514        0x0
                0x0000000008003514                . = ALIGN (0x4)
                0x0000000008003514                PROVIDE (__preinit_array_start = .)
 *(.preinit_array*)
                0x0000000008003514                PROVIDE (__preinit_array_end = .)
                0x0000000008003514                . = ALIGN (0x4)

.init_array     0x0000000008003514        0x8
                0x0000000008003514                . = ALIGN (0x4)
                0x0000000008003514                PROVIDE (__init_array_start = .)
 *(SORT_BY_NAME(.init_array.*))
 .init_array.00000
                0x0000000008003514        0x4 /home/michal/Ac6/SystemWorkbench/plugins/fr.ac6.mcu.externaltools.arm-none.linux64_1.17.0.201812190825/tools/compiler/bin/../lib/gcc/arm-none-eabi/7.3.1/../../../../arm-none-eabi/lib/thumb/v7e-m/fpv4-sp/hard/libc.a(lib_a-__call_atexit.o)
 *(.init_array*)
 .init_array    0x0000000008003518        0x4 /home/michal/Ac6/SystemWorkbench/plugins/fr.ac6.mcu.externaltools.arm-none.linux64_1.17.0.201812190825/tools/compiler/bin/../lib/gcc/arm-none-eabi/7.3.1/thumb/v7e-m/fpv4-sp/hard/crtbegin.o
                0x000000000800351c                PROVIDE (__init_array_end = .)
                0x000000000800351c                . = ALIGN (0x4)

.fini_array     0x000000000800351c        0x4
                0x000000000800351c                . = ALIGN (0x4)
                0x000000000800351c                PROVIDE (__fini_array_start = .)
 *(SORT_BY_NAME(.fini_array.*))
 *(.fini_array*)
 .fini_array    0x000000000800351c        0x4 /home/michal/Ac6/SystemWorkbench/plugins/fr.ac6.mcu.externaltools.arm-none.linux64_1.17.0.201812190825/tools/compiler/bin/../lib/gcc/arm-none-eabi/7.3.1/thumb/v7e-m/fpv4-sp/hard/crtbegin.o
                0x0000000008003520                PROVIDE (__fini_array_end = .)
                0x0000000008003520                . = ALIGN (0x4)
                0x0000000008003520                _sidata = LOADADDR (.data)

.data           0x0000000020000000      0x434 load address 0x0000000008003520
                0x0000000020000000                . = ALIGN (0x4)
                0x0000000020000000                _sdata = .
 *(.data)
 .data          0x0000000020000000        0x4 FreeRTOS/Source/portable/GCC/ARM_CM4F/port.o
 *(.data*)
 *fill*         0x0000000020000004        0x4 
 .data.impure_data
                0x0000000020000008      0x428 /home/michal/Ac6/SystemWorkbench/plugins/fr.ac6.mcu.externaltools.arm-none.linux64_1.17.0.201812190825/tools/compiler/bin/../lib/gcc/arm-none-eabi/7.3.1/../../../../arm-none-eabi/lib/thumb/v7e-m/fpv4-sp/hard/libc.a(lib_a-impure.o)
 .data.__atexit_recursive_mutex
                0x0000000020000430        0x4 /home/michal/Ac6/SystemWorkbench/plugins/fr.ac6.mcu.externaltools.arm-none.linux64_1.17.0.201812190825/tools/compiler/bin/../lib/gcc/arm-none-eabi/7.3.1/../../../../arm-none-eabi/lib/thumb/v7e-m/fpv4-sp/hard/libc.a(lib_a-__call_atexit.o)
                0x0000000020000430                __atexit_recursive_mutex
                0x0000000020000434                . = ALIGN (0x4)
                0x0000000020000434                _edata = .

.igot.plt       0x0000000020000434        0x0 load address 0x0000000008003954
 .igot.plt      0x0000000020000434        0x0 /home/michal/Ac6/SystemWorkbench/plugins/fr.ac6.mcu.externaltools.arm-none.linux64_1.17.0.201812190825/tools/compiler/bin/../lib/gcc/arm-none-eabi/7.3.1/thumb/v7e-m/fpv4-sp/hard/crtbegin.o
                0x0000000020000434                . = ALIGN (0x4)

.bss            0x0000000020000434    0x12de4 load address 0x0000000008003954
                0x0000000020000434                _sbss = .
                0x0000000020000434                __bss_start__ = _sbss
 *(.bss)
 .bss           0x0000000020000434       0x1c /home/michal/Ac6/SystemWorkbench/plugins/fr.ac6.mcu.externaltools.arm-none.linux64_1.17.0.201812190825/tools/compiler/bin/../lib/gcc/arm-none-eabi/7.3.1/thumb/v7e-m/fpv4-sp/hard/crtbegin.o
 .bss           0x0000000020000450      0x104 FreeRTOS/Source/tasks.o
                0x0000000020000450                pxCurrentTCB
 .bss           0x0000000020000554       0x3c FreeRTOS/Source/timers.o
 .bss           0x0000000020000590        0x8 FreeRTOS/Source/portable/GCC/ARM_CM4F/port.o
 .bss           0x0000000020000598    0x12c18 FreeRTOS/Source/portable/MemMang/heap_4.o
 .bss           0x00000000200131b0        0x4 src/main.o
                0x00000000200131b0                xSemaphoreUserButton
 *(.bss*)
 *(COMMON)
 COMMON         0x00000000200131b4       0x40 FreeRTOS/Source/queue.o
                0x00000000200131b4                xQueueRegistry
 COMMON         0x00000000200131f4       0x21 /home/michal/Ac6/SystemWorkbench/plugins/fr.ac6.mcu.externaltools.arm-none.linux64_1.17.0.201812190825/tools/compiler/bin/../lib/gcc/arm-none-eabi/7.3.1/../../../../arm-none-eabi/lib/thumb/v7e-m/fpv4-sp/hard/libc.a(lib_a-lock.o)
                0x00000000200131f4                __lock___atexit_recursive_mutex
                0x00000000200131f8                __lock___arc4random_mutex
                0x00000000200131fc                __lock___env_recursive_mutex
                0x0000000020013200                __lock___sinit_recursive_mutex
                0x0000000020013204                __lock___malloc_recursive_mutex
                0x0000000020013208                __lock___at_quick_exit_mutex
                0x000000002001320c                __lock___dd_hash_mutex
                0x0000000020013210                __lock___tz_mutex
                0x0000000020013214                __lock___sfp_recursive_mutex
                0x0000000020013218                . = ALIGN (0x4)
 *fill*         0x0000000020013215        0x3 
                0x0000000020013218                _ebss = .
                0x0000000020013218                __bss_end__ = _ebss

._user_heap_stack
                0x0000000020013218      0x400 load address 0x0000000008003954
                0x0000000020013218                . = ALIGN (0x8)
                [!provide]                        PROVIDE (end = .)
                [!provide]                        PROVIDE (_end = .)
                0x0000000020013218                . = (. + _Min_Heap_Size)
                0x0000000020013618                . = (. + _Min_Stack_Size)
 *fill*         0x0000000020013218      0x400 
                0x0000000020013618                . = ALIGN (0x8)

/DISCARD/
 libc.a(*)
 libm.a(*)
 libgcc.a(*)

.ARM.attributes
                0x0000000000000000       0x30
 *(.ARM.attributes)
 .ARM.attributes
                0x0000000000000000       0x22 /home/michal/Ac6/SystemWorkbench/plugins/fr.ac6.mcu.externaltools.arm-none.linux64_1.17.0.201812190825/tools/compiler/bin/../lib/gcc/arm-none-eabi/7.3.1/thumb/v7e-m/fpv4-sp/hard/crti.o
 .ARM.attributes
                0x0000000000000022       0x34 /home/michal/Ac6/SystemWorkbench/plugins/fr.ac6.mcu.externaltools.arm-none.linux64_1.17.0.201812190825/tools/compiler/bin/../lib/gcc/arm-none-eabi/7.3.1/thumb/v7e-m/fpv4-sp/hard/crtbegin.o
 .ARM.attributes
                0x0000000000000056       0x39 FreeRTOS/Source/list.o
 .ARM.attributes
                0x000000000000008f       0x39 FreeRTOS/Source/queue.o
 .ARM.attributes
                0x00000000000000c8       0x39 FreeRTOS/Source/tasks.o
 .ARM.attributes
                0x0000000000000101       0x39 FreeRTOS/Source/timers.o
 .ARM.attributes
                0x000000000000013a       0x39 FreeRTOS/Source/portable/GCC/ARM_CM4F/port.o
 .ARM.attributes
                0x0000000000000173       0x39 FreeRTOS/Source/portable/MemMang/heap_4.o
 .ARM.attributes
                0x00000000000001ac       0x39 src/FreeRTOS.o
 .ARM.attributes
                0x00000000000001e5       0x39 src/gpio.o
 .ARM.attributes
                0x000000000000021e       0x39 src/interrupts.o
 .ARM.attributes
                0x0000000000000257       0x39 src/main.o
 .ARM.attributes
                0x0000000000000290       0x21 startup/startup_stm32.o
 .ARM.attributes
                0x00000000000002b1       0x34 /home/michal/Ac6/SystemWorkbench/plugins/fr.ac6.mcu.externaltools.arm-none.linux64_1.17.0.201812190825/tools/compiler/bin/../lib/gcc/arm-none-eabi/7.3.1/../../../../arm-none-eabi/lib/thumb/v7e-m/fpv4-sp/hard/libc.a(lib_a-impure.o)
 .ARM.attributes
                0x00000000000002e5       0x34 /home/michal/Ac6/SystemWorkbench/plugins/fr.ac6.mcu.externaltools.arm-none.linux64_1.17.0.201812190825/tools/compiler/bin/../lib/gcc/arm-none-eabi/7.3.1/../../../../arm-none-eabi/lib/thumb/v7e-m/fpv4-sp/hard/libc.a(lib_a-init.o)
 .ARM.attributes
                0x0000000000000319       0x20 /home/michal/Ac6/SystemWorkbench/plugins/fr.ac6.mcu.externaltools.arm-none.linux64_1.17.0.201812190825/tools/compiler/bin/../lib/gcc/arm-none-eabi/7.3.1/../../../../arm-none-eabi/lib/thumb/v7e-m/fpv4-sp/hard/libc.a(lib_a-memcpy.o)
 .ARM.attributes
                0x0000000000000339       0x34 /home/michal/Ac6/SystemWorkbench/plugins/fr.ac6.mcu.externaltools.arm-none.linux64_1.17.0.201812190825/tools/compiler/bin/../lib/gcc/arm-none-eabi/7.3.1/../../../../arm-none-eabi/lib/thumb/v7e-m/fpv4-sp/hard/libc.a(lib_a-memset.o)
 .ARM.attributes
                0x000000000000036d       0x34 /home/michal/Ac6/SystemWorkbench/plugins/fr.ac6.mcu.externaltools.arm-none.linux64_1.17.0.201812190825/tools/compiler/bin/../lib/gcc/arm-none-eabi/7.3.1/../../../../arm-none-eabi/lib/thumb/v7e-m/fpv4-sp/hard/libc.a(lib_a-__call_atexit.o)
 .ARM.attributes
                0x00000000000003a1       0x34 /home/michal/Ac6/SystemWorkbench/plugins/fr.ac6.mcu.externaltools.arm-none.linux64_1.17.0.201812190825/tools/compiler/bin/../lib/gcc/arm-none-eabi/7.3.1/../../../../arm-none-eabi/lib/thumb/v7e-m/fpv4-sp/hard/libc.a(lib_a-atexit.o)
 .ARM.attributes
                0x00000000000003d5       0x34 /home/michal/Ac6/SystemWorkbench/plugins/fr.ac6.mcu.externaltools.arm-none.linux64_1.17.0.201812190825/tools/compiler/bin/../lib/gcc/arm-none-eabi/7.3.1/../../../../arm-none-eabi/lib/thumb/v7e-m/fpv4-sp/hard/libc.a(lib_a-fini.o)
 .ARM.attributes
                0x0000000000000409       0x34 /home/michal/Ac6/SystemWorkbench/plugins/fr.ac6.mcu.externaltools.arm-none.linux64_1.17.0.201812190825/tools/compiler/bin/../lib/gcc/arm-none-eabi/7.3.1/../../../../arm-none-eabi/lib/thumb/v7e-m/fpv4-sp/hard/libc.a(lib_a-lock.o)
 .ARM.attributes
                0x000000000000043d       0x34 /home/michal/Ac6/SystemWorkbench/plugins/fr.ac6.mcu.externaltools.arm-none.linux64_1.17.0.201812190825/tools/compiler/bin/../lib/gcc/arm-none-eabi/7.3.1/../../../../arm-none-eabi/lib/thumb/v7e-m/fpv4-sp/hard/libc.a(lib_a-__atexit.o)
 .ARM.attributes
                0x0000000000000471       0x22 /home/michal/Ac6/SystemWorkbench/plugins/fr.ac6.mcu.externaltools.arm-none.linux64_1.17.0.201812190825/tools/compiler/bin/../lib/gcc/arm-none-eabi/7.3.1/thumb/v7e-m/fpv4-sp/hard/crtn.o
OUTPUT(cm4_freertos_gpio_exti.elf elf32-littlearm)

.debug_info     0x0000000000000000     0xa25e
 .debug_info    0x0000000000000000      0xad0 FreeRTOS/Source/list.o
 .debug_info    0x0000000000000ad0     0x1f2b FreeRTOS/Source/queue.o
 .debug_info    0x00000000000029fb     0x2719 FreeRTOS/Source/tasks.o
 .debug_info    0x0000000000005114     0x1463 FreeRTOS/Source/timers.o
 .debug_info    0x0000000000006577      0x528 FreeRTOS/Source/portable/GCC/ARM_CM4F/port.o
 .debug_info    0x0000000000006a9f      0xbf1 FreeRTOS/Source/portable/MemMang/heap_4.o
 .debug_info    0x0000000000007690      0x34a src/FreeRTOS.o
 .debug_info    0x00000000000079da      0xeba src/gpio.o
 .debug_info    0x0000000000008894      0x17a src/interrupts.o
 .debug_info    0x0000000000008a0e     0x182e src/main.o
 .debug_info    0x000000000000a23c       0x22 startup/startup_stm32.o

.debug_abbrev   0x0000000000000000     0x15de
 .debug_abbrev  0x0000000000000000      0x205 FreeRTOS/Source/list.o
 .debug_abbrev  0x0000000000000205      0x352 FreeRTOS/Source/queue.o
 .debug_abbrev  0x0000000000000557      0x399 FreeRTOS/Source/tasks.o
 .debug_abbrev  0x00000000000008f0      0x2fe FreeRTOS/Source/timers.o
 .debug_abbrev  0x0000000000000bee      0x1ff FreeRTOS/Source/portable/GCC/ARM_CM4F/port.o
 .debug_abbrev  0x0000000000000ded      0x2d4 FreeRTOS/Source/portable/MemMang/heap_4.o
 .debug_abbrev  0x00000000000010c1       0xe0 src/FreeRTOS.o
 .debug_abbrev  0x00000000000011a1      0x12f src/gpio.o
 .debug_abbrev  0x00000000000012d0       0xd4 src/interrupts.o
 .debug_abbrev  0x00000000000013a4      0x228 src/main.o
 .debug_abbrev  0x00000000000015cc       0x12 startup/startup_stm32.o

.debug_aranges  0x0000000000000000      0x5f8
 .debug_aranges
                0x0000000000000000       0x40 FreeRTOS/Source/list.o
 .debug_aranges
                0x0000000000000040      0x130 FreeRTOS/Source/queue.o
 .debug_aranges
                0x0000000000000170      0x1e8 FreeRTOS/Source/tasks.o
 .debug_aranges
                0x0000000000000358       0xd0 FreeRTOS/Source/timers.o
 .debug_aranges
                0x0000000000000428       0x80 FreeRTOS/Source/portable/GCC/ARM_CM4F/port.o
 .debug_aranges
                0x00000000000004a8       0x50 FreeRTOS/Source/portable/MemMang/heap_4.o
 .debug_aranges
                0x00000000000004f8       0x28 src/FreeRTOS.o
 .debug_aranges
                0x0000000000000520       0x20 src/gpio.o
 .debug_aranges
                0x0000000000000540       0x20 src/interrupts.o
 .debug_aranges
                0x0000000000000560       0x70 src/main.o
 .debug_aranges
                0x00000000000005d0       0x28 startup/startup_stm32.o

.debug_ranges   0x0000000000000000      0x550
 .debug_ranges  0x0000000000000000       0x30 FreeRTOS/Source/list.o
 .debug_ranges  0x0000000000000030      0x120 FreeRTOS/Source/queue.o
 .debug_ranges  0x0000000000000150      0x1d8 FreeRTOS/Source/tasks.o
 .debug_ranges  0x0000000000000328       0xc0 FreeRTOS/Source/timers.o
 .debug_ranges  0x00000000000003e8       0x70 FreeRTOS/Source/portable/GCC/ARM_CM4F/port.o
 .debug_ranges  0x0000000000000458       0x40 FreeRTOS/Source/portable/MemMang/heap_4.o
 .debug_ranges  0x0000000000000498       0x18 src/FreeRTOS.o
 .debug_ranges  0x00000000000004b0       0x10 src/gpio.o
 .debug_ranges  0x00000000000004c0       0x10 src/interrupts.o
 .debug_ranges  0x00000000000004d0       0x60 src/main.o
 .debug_ranges  0x0000000000000530       0x20 startup/startup_stm32.o

.debug_macro    0x0000000000000000     0xa177
 .debug_macro   0x0000000000000000      0x17a FreeRTOS/Source/list.o
 .debug_macro   0x000000000000017a      0x204 FreeRTOS/Source/queue.o
 .debug_macro   0x000000000000037e       0x16 FreeRTOS/Source/queue.o
 .debug_macro   0x0000000000000394       0x35 FreeRTOS/Source/queue.o
 .debug_macro   0x00000000000003c9       0x80 FreeRTOS/Source/queue.o
 .debug_macro   0x0000000000000449      0x267 FreeRTOS/Source/tasks.o
 .debug_macro   0x00000000000006b0       0x10 FreeRTOS/Source/tasks.o
 .debug_macro   0x00000000000006c0      0x1cf FreeRTOS/Source/timers.o
 .debug_macro   0x000000000000088f       0x97 FreeRTOS/Source/timers.o
 .debug_macro   0x0000000000000926      0x196 FreeRTOS/Source/portable/GCC/ARM_CM4F/port.o
 .debug_macro   0x0000000000000abc      0x1a1 FreeRTOS/Source/portable/MemMang/heap_4.o
 .debug_macro   0x0000000000000c5d       0xb0 src/FreeRTOS.o
 .debug_macro   0x0000000000000d0d       0x63 src/FreeRTOS.o
 .debug_macro   0x0000000000000d70       0x3b src/FreeRTOS.o
 .debug_macro   0x0000000000000dab       0xcd src/FreeRTOS.o
 .debug_macro   0x0000000000000e78      0xd39 src/FreeRTOS.o
 .debug_macro   0x0000000000001bb1     0x8088 src/FreeRTOS.o
 .debug_macro   0x0000000000009c39       0x22 src/FreeRTOS.o
 .debug_macro   0x0000000000009c5b       0x16 src/FreeRTOS.o
 .debug_macro   0x0000000000009c71       0x28 src/FreeRTOS.o
 .debug_macro   0x0000000000009c99       0xa3 src/gpio.o
 .debug_macro   0x0000000000009d3c      0x143 src/interrupts.o
 .debug_macro   0x0000000000009e7f      0x106 src/interrupts.o
 .debug_macro   0x0000000000009f85       0x7e src/interrupts.o
 .debug_macro   0x000000000000a003      0x148 src/main.o
 .debug_macro   0x000000000000a14b       0x1c src/main.o
 .debug_macro   0x000000000000a167       0x10 src/main.o

.debug_line     0x0000000000000000     0x4e5e
 .debug_line    0x0000000000000000      0x559 FreeRTOS/Source/list.o
 .debug_line    0x0000000000000559      0xea7 FreeRTOS/Source/queue.o
 .debug_line    0x0000000000001400     0x1198 FreeRTOS/Source/tasks.o
 .debug_line    0x0000000000002598      0x8ca FreeRTOS/Source/timers.o
 .debug_line    0x0000000000002e62      0x68c FreeRTOS/Source/portable/GCC/ARM_CM4F/port.o
 .debug_line    0x00000000000034ee      0x63f FreeRTOS/Source/portable/MemMang/heap_4.o
 .debug_line    0x0000000000003b2d      0x3bf src/FreeRTOS.o
 .debug_line    0x0000000000003eec      0x3b3 src/gpio.o
 .debug_line    0x000000000000429f      0x517 src/interrupts.o
 .debug_line    0x00000000000047b6      0x62c src/main.o
 .debug_line    0x0000000000004de2       0x7c startup/startup_stm32.o

.debug_str      0x0000000000000000    0x43c0a
 .debug_str     0x0000000000000000     0xa151 FreeRTOS/Source/list.o
                                       0xa3b0 (size before relaxing)
 .debug_str     0x000000000000a151     0x16b9 FreeRTOS/Source/queue.o
                                       0xba62 (size before relaxing)
 .debug_str     0x000000000000b80a     0x1b3b FreeRTOS/Source/tasks.o
                                       0xc712 (size before relaxing)
 .debug_str     0x000000000000d345      0x504 FreeRTOS/Source/timers.o
                                       0xbeb3 (size before relaxing)
 .debug_str     0x000000000000d849      0x7eb FreeRTOS/Source/portable/GCC/ARM_CM4F/port.o
                                       0x854a (size before relaxing)
 .debug_str     0x000000000000e034      0x239 FreeRTOS/Source/portable/MemMang/heap_4.o
                                       0xaba3 (size before relaxing)
 .debug_str     0x000000000000e26d    0x32677 src/FreeRTOS.o
                                      0x362b1 (size before relaxing)
 .debug_str     0x00000000000408e4     0x234c src/gpio.o
                                      0x3854e (size before relaxing)
 .debug_str     0x0000000000042c30      0x796 src/interrupts.o
                                      0x3b128 (size before relaxing)
 .debug_str     0x00000000000433c6      0x81b src/main.o
                                      0x3dd0b (size before relaxing)
 .debug_str     0x0000000000043be1       0x29 startup/startup_stm32.o
                                         0x5d (size before relaxing)

.comment        0x0000000000000000       0x7f
 .comment       0x0000000000000000       0x7f FreeRTOS/Source/list.o
                                         0x80 (size before relaxing)
 .comment       0x000000000000007f       0x80 FreeRTOS/Source/queue.o
 .comment       0x000000000000007f       0x80 FreeRTOS/Source/tasks.o
 .comment       0x000000000000007f       0x80 FreeRTOS/Source/timers.o
 .comment       0x000000000000007f       0x80 FreeRTOS/Source/portable/GCC/ARM_CM4F/port.o
 .comment       0x000000000000007f       0x80 FreeRTOS/Source/portable/MemMang/heap_4.o
 .comment       0x000000000000007f       0x80 src/FreeRTOS.o
 .comment       0x000000000000007f       0x80 src/gpio.o
 .comment       0x000000000000007f       0x80 src/interrupts.o
 .comment       0x000000000000007f       0x80 src/main.o

.debug_frame    0x0000000000000000     0x18b8
 .debug_frame   0x0000000000000000       0xd8 FreeRTOS/Source/list.o
 .debug_frame   0x00000000000000d8      0x530 FreeRTOS/Source/queue.o
 .debug_frame   0x0000000000000608      0x854 FreeRTOS/Source/tasks.o
 .debug_frame   0x0000000000000e5c      0x368 FreeRTOS/Source/timers.o
 .debug_frame   0x00000000000011c4      0x1a8 FreeRTOS/Source/portable/GCC/ARM_CM4F/port.o
 .debug_frame   0x000000000000136c      0x108 FreeRTOS/Source/portable/MemMang/heap_4.o
 .debug_frame   0x0000000000001474       0x50 src/FreeRTOS.o
 .debug_frame   0x00000000000014c4       0x38 src/gpio.o
 .debug_frame   0x00000000000014fc       0x34 src/interrupts.o
 .debug_frame   0x0000000000001530      0x190 src/main.o
 .debug_frame   0x00000000000016c0       0x2c /home/michal/Ac6/SystemWorkbench/plugins/fr.ac6.mcu.externaltools.arm-none.linux64_1.17.0.201812190825/tools/compiler/bin/../lib/gcc/arm-none-eabi/7.3.1/../../../../arm-none-eabi/lib/thumb/v7e-m/fpv4-sp/hard/libc.a(lib_a-init.o)
 .debug_frame   0x00000000000016ec       0x38 /home/michal/Ac6/SystemWorkbench/plugins/fr.ac6.mcu.externaltools.arm-none.linux64_1.17.0.201812190825/tools/compiler/bin/../lib/gcc/arm-none-eabi/7.3.1/../../../../arm-none-eabi/lib/thumb/v7e-m/fpv4-sp/hard/libc.a(lib_a-memset.o)
 .debug_frame   0x0000000000001724       0x5c /home/michal/Ac6/SystemWorkbench/plugins/fr.ac6.mcu.externaltools.arm-none.linux64_1.17.0.201812190825/tools/compiler/bin/../lib/gcc/arm-none-eabi/7.3.1/../../../../arm-none-eabi/lib/thumb/v7e-m/fpv4-sp/hard/libc.a(lib_a-__call_atexit.o)
 .debug_frame   0x0000000000001780       0x20 /home/michal/Ac6/SystemWorkbench/plugins/fr.ac6.mcu.externaltools.arm-none.linux64_1.17.0.201812190825/tools/compiler/bin/../lib/gcc/arm-none-eabi/7.3.1/../../../../arm-none-eabi/lib/thumb/v7e-m/fpv4-sp/hard/libc.a(lib_a-atexit.o)
 .debug_frame   0x00000000000017a0       0x34 /home/michal/Ac6/SystemWorkbench/plugins/fr.ac6.mcu.externaltools.arm-none.linux64_1.17.0.201812190825/tools/compiler/bin/../lib/gcc/arm-none-eabi/7.3.1/../../../../arm-none-eabi/lib/thumb/v7e-m/fpv4-sp/hard/libc.a(lib_a-fini.o)
 .debug_frame   0x00000000000017d4       0xb0 /home/michal/Ac6/SystemWorkbench/plugins/fr.ac6.mcu.externaltools.arm-none.linux64_1.17.0.201812190825/tools/compiler/bin/../lib/gcc/arm-none-eabi/7.3.1/../../../../arm-none-eabi/lib/thumb/v7e-m/fpv4-sp/hard/libc.a(lib_a-lock.o)
 .debug_frame   0x0000000000001884       0x34 /home/michal/Ac6/SystemWorkbench/plugins/fr.ac6.mcu.externaltools.arm-none.linux64_1.17.0.201812190825/tools/compiler/bin/../lib/gcc/arm-none-eabi/7.3.1/../../../../arm-none-eabi/lib/thumb/v7e-m/fpv4-sp/hard/libc.a(lib_a-__atexit.o)
